[trace] log=0 channel=-1 stall_iters=2000 transitions=0 NCCL_DEBUG=WARN TRACE_ONLY=0
[preflight] running connect cmd: ./nic/connect_nic1.sh
Warning: Permanently added '192.168.100.2' (ECDSA) to the list of known hosts.
[preflight] connect done
[preflight] start ping warmup targets=10.10.2.5 10.10.3.6 10.10.2.8 10.10.3.9 tries=8 count=1 wait_s=1
[preflight] ping 10.10.2.5 OK (attempt 1/8)
[preflight] ping 10.10.3.6 OK (attempt 1/8)
[preflight] ping 10.10.2.8 OK (attempt 1/8)
[preflight] ping 10.10.3.9 OK (attempt 1/8)
[preflight] ping warmup done
[testbed] node-1 mlx5_0 egress ratelimit: 10.0 Gbps (nic/shape_nics.sh status shows all ports)
[Rank 0] Running on node-1.r7525-3.softmeasure-pg0.clemson.cloudlab.us (Local Rank 0)
Config: iters=10, bytes=4294967296 (4.00 GiB), count=1073741824 floats
Config: start_disconnect_delay_ms=4000
Config: disconnect_cmd=./nic/disconnect_nic1.sh, reconnect_cmd=./nic/connect_nic1.sh
Config: every element of every iteration is checked on every rank; inputs are integers below 2097152
[Rank 0] Connecting NIC at start using: ./nic/connect_nic1.sh
[Rank 1] Running on node-1.r7525-3.softmeasure-pg0.clemson.cloudlab.us (Local Rank 1)
[Rank 4] Running on node-3.r7525-3.softmeasure-pg0.clemson.cloudlab.us (Local Rank 0)
[Rank 2] Running on node-2.r7525-3.softmeasure-pg0.clemson.cloudlab.us (Local Rank 0)
[Rank 5] Running on node-3.r7525-3.softmeasure-pg0.clemson.cloudlab.us (Local Rank 1)
[Rank 3] Running on node-2.r7525-3.softmeasure-pg0.clemson.cloudlab.us (Local Rank 1)
Warning: Permanently added '192.168.100.2' (ECDSA) to the list of known hosts.
[Rank 0] NIC connect command completed.
[Rank 0] Initializing NCCL Communicator...
[Rank 1] Initializing NCCL Communicator...
NCCL version 2.23.4+cuda12.2
[Rank 2] Initializing NCCL Communicator...
[Rank 4] Initializing NCCL Communicator...
[Rank 3] Initializing NCCL Communicator...
[Rank 5] Initializing NCCL Communicator...
[Rank 1] NCCL Initialization Complete.
[Rank 0] NCCL Initialization Complete.
[Rank 4] NCCL Initialization Complete.
[Rank 5] NCCL Initialization Complete.
[Rank 2] NCCL Initialization Complete.
[Rank 3] NCCL Initialization Complete.
[Rank 0] Arming NIC disconnect at program start (delay 4000 ms) using: ./nic/disconnect_nic1.sh
[Rank 0] Iter 1/10 START: allreduce 4.00 GiB
[Rank 0] Iter 1/10 END: OK (elapsed 2172 ms)
[Rank 0] Iter 2/10 START: allreduce 4.00 GiB
Warning: Permanently added '192.168.100.2' (ECDSA) to the list of known hosts.
[Rank 0] Iter 2/10 END: OK (elapsed 2036 ms)
[Rank 0] Iter 3/10 START: allreduce 4.00 GiB
Warning: Permanently added '192.168.100.2' (ECDSA) to the list of known hosts.
[Rank 0] NIC disconnect command completed.
[Rank 0] Iter 3/10 END: OK (elapsed 3448 ms)
[Rank 0] Iter 4/10 START: allreduce 4.00 GiB
[Rank 0] Iter 4/10 END: OK (elapsed 3146 ms)
[Rank 0] Iter 5/10 START: allreduce 4.00 GiB
[Rank 0] Iter 5/10 END: OK (elapsed 2800 ms)
[Rank 0] Iter 6/10 START: allreduce 4.00 GiB
[Rank 0] Iter 6/10 END: OK (elapsed 2799 ms)
[Rank 0] Iter 7/10 START: allreduce 4.00 GiB
[Rank 0] Iter 7/10 END: OK (elapsed 2797 ms)
[Rank 0] Iter 8/10 START: allreduce 4.00 GiB
[Rank 0] Iter 8/10 END: OK (elapsed 2797 ms)
[Rank 0] Iter 9/10 START: allreduce 4.00 GiB
[Rank 0] Iter 9/10 END: OK (elapsed 2795 ms)
[Rank 0] Iter 10/10 START: allreduce 4.00 GiB
[Rank 0] Iter 10/10 END: OK (elapsed 2796 ms)
[Rank 0] Reconnecting NIC using: ./nic/connect_nic1.sh
Warning: Permanently added '192.168.100.2' (ECDSA) to the list of known hosts.
[Rank 0] NIC reconnect command completed.
[Rank 0] IB RX per-iteration (MB, port_rcv_data *4B):
Iter   Time(ms)   mlx5_0_RX    mlx5_2_RX    mlx5_3_RX   
1      2172       2406         2312         2312        
2      2036       2406         2312         2312        
3      3448       4087         699          2312        
4      3146       3128         0            3005        
5      2800       3129         0            3005        
6      2799       3129         0            3005        
7      2797       3129         0            3005        
8      2797       3128         0            3005        
9      2795       3128         0            3005        
10     2796       3128         0            3005        
[Rank 0] Verification: all 1073741824 elements of each of the 10 iterations checked on all 6 ranks: 0 wrong
[Rank 0] Failure evidence: mlx5_2 cut during iteration 3 (699 of 2312 MB received before the cut; command ran 4.00-4.72 s, iteration 4.24-7.69 s), no traffic on it in iterations 4-10, all of them completed
[Rank 0] TEST PASS: all AllReduces completed and every element of every iteration is correct, including the one the NIC failure hit.
[Rank 1] Exiting.
[Rank 0] Exiting.
[Rank 5] Exiting.
[Rank 4] Exiting.
[Rank 3] Exiting.
[Rank 2] Exiting.
[trace] view_lines=74 state_lines=0
[trace] failover_iter=4 rule=first iteration where mlx5_2_RX < 20
[result] exit=0 PASS
